### EXIT: 0
### STDOUT
### STDERR
### SEM
=== Arbol de Sintaxis Abstracta (anotado con tipos) ===
PROGRAMA  [linea 1]
  DECLARACION tipo=int nombre=total  [linea 5]
  DECLARACION tipo=float nombre=promedio  [linea 6]
  DECLARACION tipo=boolean nombre=activo  [linea 7]
  METODO tipo=int nombre=suma  [linea 9]
    DECLARACION tipo=int nombre=a  [linea 9]
    DECLARACION tipo=int nombre=b  [linea 9]
    BLOQUE  [linea 9]
      RETORNO  [linea 10]
        OP_BINARIA tipo=int valor="+"  [linea 10]
          ID tipo=int nombre=a  [linea 10]
          ID tipo=int nombre=b  [linea 10]
  METODO tipo=void nombre=imprimir  [linea 13]
    DECLARACION tipo=int nombre=v  [linea 13]
    BLOQUE  [linea 13]
      IF  [linea 14]
        OP_BINARIA tipo=boolean valor=">"  [linea 14]
          ID tipo=int nombre=v  [linea 14]
          NRO tipo=int valor="0"  [linea 14]
        BLOQUE  [linea 14]
          ASIGNACION tipo=int nombre=total  [linea 15]
            OP_BINARIA tipo=int valor="+"  [linea 15]
              ID tipo=int nombre=total  [linea 15]
              ID tipo=int nombre=v  [linea 15]
        BLOQUE  [linea 16]
          ASIGNACION tipo=int nombre=total  [linea 17]
            NRO tipo=int valor="0"  [linea 17]
      RETORNO  [linea 19]
  METODO tipo=void nombre=main  [linea 22]
    BLOQUE  [linea 22]
      DECLARACION tipo=int nombre=contador  [linea 23]
      DECLARACION tipo=float nombre=saldo  [linea 24]
      ASIGNACION tipo=int nombre=contador  [linea 25]
        NRO tipo=int valor="0"  [linea 25]
      ASIGNACION tipo=float nombre=saldo  [linea 26]
        NRO tipo=float valor="1.5"  [linea 26]
      WHILE  [linea 27]
        ID tipo=boolean nombre=activo  [linea 27]
        BLOQUE  [linea 27]
          ASIGNACION tipo=int nombre=contador  [linea 28]
            OP_BINARIA tipo=int valor="+"  [linea 28]
              ID tipo=int nombre=contador  [linea 28]
              NRO tipo=int valor="1"  [linea 28]
          ASIGNACION tipo=float nombre=saldo  [linea 29]
            OP_BINARIA tipo=float valor="+"  [linea 29]
              ID tipo=float nombre=saldo  [linea 29]
              LLAMADA tipo=int nombre=suma  [linea 29]
                ID tipo=int nombre=contador  [linea 29]
                NRO tipo=int valor="2"  [linea 29]
          LLAMADA tipo=void nombre=imprimir  [linea 30]
            ID tipo=int nombre=contador  [linea 30]
          IF  [linea 31]
            OP_BINARIA tipo=boolean valor="=="  [linea 31]
              ID tipo=int nombre=contador  [linea 31]
              NRO tipo=int valor="3"  [linea 31]
            BLOQUE  [linea 31]
              ASIGNACION tipo=boolean nombre=activo  [linea 32]
                BOOL tipo=boolean valor="false"  [linea 32]
            BLOQUE  [linea 33]
              ASIGNACION tipo=boolean nombre=activo  [linea 34]
                BOOL tipo=boolean valor="true"  [linea 34]
      ASIGNACION tipo=float nombre=promedio  [linea 37]
        OP_BINARIA tipo=float valor="/"  [linea 37]
          ID tipo=float nombre=saldo  [linea 37]
          NRO tipo=int valor="2"  [linea 37]
      ASIGNACION tipo=int nombre=total  [linea 38]
        OP_UNARIA tipo=int valor="-"  [linea 38]
          ID tipo=int nombre=contador  [linea 38]
      RETORNO  [linea 39]

=== Tabla de Simbolos ===
Nota: al terminar el analisis solo persiste el ambito global, los niveles locales se destruyen al cerrarse.
Nivel 0 (global):
  'main' : void  (funcion)  linea 22, sin parametros
  'imprimir' : void  (funcion)  linea 13, 1 parametro: [int]
  'suma' : int  (funcion)  linea 9, 2 parametros: [int, int]
  'activo' : boolean  (variable global)  linea 7
  'promedio' : float  (variable global)  linea 6
  'total' : int  (variable global)  linea 5
